// Jest Snapshot v1, https://goo.gl/fbAQLP

exports[`Single Seat Contest with Write In 1`] = `
.c8 {
  position: relative;
  border-radius: 0.125rem;
  box-shadow: 0 0.125rem 0.125rem 0 rgba(0,0,0,0.14), 0 0.1875rem 0.0625rem -0.125rem rgba(0,0,0,0.12), 0 0.0625rem 0.3125rem 0 rgba(0,0,0,0.2);
  background: #FFFFFF;
  cursor: pointer;
  padding: 0.5rem 0.5rem 0.5rem 4rem;
  text-align: left;
  -webkit-transition: background 0.25s,color 0.25s;
  transition: background 0.25s,color 0.25s;
}

.c8::before {
  display: -webkit-box;
  display: -webkit-flex;
  display: -ms-flexbox;
  display: flex;
  -webkit-align-items: center;
  -webkit-box-align: center;
  -ms-flex-align: center;
  align-items: center;
  -webkit-box-pack: center;
  -webkit-justify-content: center;
  -ms-flex-pack: center;
  justify-content: center;
  position: absolute;
  top: 0;
  bottom: 0;
  left: 0;
  border-right: 1px solid;
  border-color: rgb(211,211,211);
  border-radius: 0.125rem 0 0 0.125rem;
  background: #ffffff;
  width: 3rem;
  text-align: center;
  color: #028099;
  font-size: 2rem;
  font-weight: 700;
  content: '';
}

.c2 {
  margin: 0 auto;
  width: 100%;
  padding: 1rem 30px 0.5rem;
}

.c3 {
  text-transform: uppercase;
  font-size: 0.85rem;
  font-weight: 600;
}

.c4 {
  display: -webkit-box;
  display: -webkit-flex;
  display: -ms-flexbox;
  display: flex;
  position: relative;
  overflow: auto;
}

.c4::before,
.c4::after {
  position: absolute;
  z-index: 1;
  width: 100%;
  height: 0.25rem;
  content: '';
  -webkit-transition: opacity 0.25s ease;
  transition: opacity 0.25s ease;
}

.c4::before {
  top: 0;
  opacity: 0;
  background: linear-gradient( to bottom, rgb(177,186,190) 0%, transparent 100% );
}

.c4::after {
  bottom: 0;
  opacity: 0;
  background: linear-gradient( to bottom, transparent 0%, rgb(177,186,190) 100% );
}

.c5 {
  -webkit-flex: 1;
  -ms-flex: 1;
  flex: 1;
  overflow: auto;
}

.c6 {
  margin: 0 auto;
  width: 100%;
  padding: 0.25rem 20px 0;
}

.c7 {
  display: grid;
  grid-auto-rows: minmax(auto,1fr);
  grid-gap: 20px;
  margin-bottom: 40px;
}

.c10 {
  white-space: nowrap;
}

.c10::after {
  display: inline-block;
  margin-left: 0.5rem;
  background: url('/images/arrow-right-open-black.svg') no-repeat;
  width: 1.375rem;
  height: 1.375rem;
  vertical-align: text-bottom;
  content: '';
}

.c11 {
  white-space: nowrap;
}

.c11::before {
  display: inline-block;
  margin-right: 0.5rem;
  background: url('/images/arrow-left-open-black.svg') no-repeat;
  width: 1.375rem;
  height: 1.375rem;
  vertical-align: text-bottom;
  content: '';
}

.c9 {
  display: -webkit-box;
  display: -webkit-flex;
  display: -ms-flexbox;
  display: flex;
  background-color: #333333;
  padding: 20px;
  color: #ffffff;
  gap: 20px;
}

.c9 > * {
  -webkit-flex: 1;
  -ms-flex: 1;
  flex: 1;
}

.c9 > *:first-child {
  -webkit-flex: 2 1;
  -ms-flex: 2 1;
  flex: 2 1;
  -webkit-order: 1;
  -ms-flex-order: 1;
  order: 1;
}

.c9 button {
  padding-right: 10px;
  padding-left: 10px;
}

.c0 {
  height: 100%;
}

.c0:focus {
  outline: none;
}

.c1 {
  padding: 30px 30px 0;
}

@media (min-width:480px) {
  .c8 {
    padding: 1rem 1rem 1rem 4rem;
  }
}

<div
  class="c0"
  tabindex="-1"
>
  <div
    class="sc-hUpaWb kraGuc"
  >
    <div
      class="c1"
    >
      <div
        class="sc-hKwCoD gmiWky"
      >
        <p
          class="sc-bdvvaa iybVtA"
        >
          This is the
           
          <strong>
            10th
             contest
          </strong>
           of
           
          21 contests
           on your ballot.
        </p>
      </div>
    </div>
    <main
      class="sc-kLwgWK kRCmMs"
    >
      <div
        class="c2"
        id="contest-header"
      >
        <div
          class="sc-hKwCoD gmiWky"
          id="audiofocus"
        >
          <h1
            aria-label="Franklin County Registrar of Wills."
          >
            <div
              class="c3"
            >
              Franklin County
            </div>
            Registrar of Wills
          </h1>
          <p>
            <span
              class="sc-bdvvaa NLRzK"
            >
              Vote for 
              1
              .
            </span>
             
            <span
              class="screen-reader-only"
            >
              To navigate through the contest choices, use the down button. To move to the next contest, use the right button.
            </span>
          </p>
        </div>
      </div>
      <div
        class="c4"
      >
        <div
          class="c5"
        >
          <div
            class="c6"
          >
            <div
              class="c7"
            >
              <button
                aria-label=" Rhadka Ramachandrani, Independent."
                class="c8"
                data-choice="ramachandrani"
                data-selected="false"
                role="option"
                type="button"
              >
                <div
                  class="sc-hKwCoD gmiWky"
                >
                  <p
                    class="sc-bdvvaa eSpfPW"
                  >
                    <strong>
                      Rhadka Ramachandrani
                    </strong>
                    <br />
                    Independent
                  </p>
                </div>
              </button>
              <button
                class="c8"
                data-choice="write-in"
                data-selected="false"
                role="option"
                type="button"
              >
                <div
                  class="sc-hKwCoD gmiWky"
                >
                  <p
                    aria-label="add write-in candidate."
                  >
                    <em>
                      add write-in candidate
                    </em>
                  </p>
                </div>
              </button>
            </div>
          </div>
        </div>
      </div>
    </main>
    <nav
      class="c9"
    >
      <button
        aria-label="next contest"
        class="sc-egiSv iFSayO"
        id="next"
        role="option"
        type="button"
      >
        <span
          class="c10"
        >
          Next
        </span>
      </button>
      <button
        aria-label="previous contest"
        class="sc-egiSv iFSayO"
        id="previous"
        role="option"
        type="button"
      >
        <span
          class="c11"
        >
          Back
        </span>
      </button>
      <button
        aria-label="Change Settings"
        class="sc-egiSv iFSayO"
        type="button"
      >
        Settings
      </button>
    </nav>
  </div>
</div>
`;
