// Jest Snapshot v1, https://goo.gl/fbAQLP

exports[`generateTestDeckBallots 1`] = `
Map {
  "President-and-Vice-President-of-the-United-States-63e49f46" => Map {
    "Donald-J-Trump-and-Michael-R-Pence-3e3f31a7" => 1,
    "Joseph-R-Biden-and-Kamala-D-Harris-346756c0" => 1,
    "Jo-Jorgensen-and-Jeremy-Cohen-7e981234" => 1,
    "write-in-0" => 1,
  },
  "Governor-9e42d79b" => Map {
    "Chris-Sununu-130124f7" => 1,
    "Dan-Feltes-3fadf798" => 1,
    "Darryl-W-Perry-2f07c455" => 1,
    "write-in-0" => 1,
  },
  "United-States-Senator-19e5c11e" => Map {
    "Corky-Messner-b6eb216d" => 1,
    "Jeanne-Shaheen-6e19622d" => 1,
    "Justin-O-Donnell-ec71760c" => 1,
    "write-in-0" => 1,
  },
  "Representative-in-Congress-838abf88" => Map {
    "Steven-Negron-5d482d72" => 1,
    "Ann-McLane-Kuster-67fdf060" => 1,
    "Andrew-Olding-bed33f08" => 1,
    "write-in-0" => 1,
  },
  "Executive-Councilor-79d43428" => Map {
    "Dave-Wheeler-de2242ee" => 1,
    "Debora-B-Pignatelli-8c4cc1d3" => 1,
    "write-in-0" => 1,
  },
  "State-Senator-4ba324f1" => Map {
    "Sharon-M-Carson-0316308e" => 1,
    "Nancy-Hendricks-d330559d" => 1,
    "write-in-0" => 1,
  },
  "State-Representatives-ef8e6428" => Map {
    "Tony-Lekas-a06f7364" => 1,
    "Hershel-Nunez-6862315f" => 1,
    "Lynne-Ober-f704df17" => 1,
    "Russell-Ober-e433afea" => 1,
    "Andrew-Prout-1cd243e0" => 1,
    "Andrew-Renzullo-b0428370" => 1,
    "Kimberly-Rice-faaed16a" => 1,
    "Denise-Smith-0a6359c3" => 1,
    "Jordan-Ulery-28553627" => 1,
    "Bob-Greene-c006a3bd" => 1,
    "Alicia-Lekas-271048d8" => 1,
    "Brett-Gagnon-7a8c9838" => 1,
    "David-Hennessey-f1343f4f" => 1,
    "Beatriz-Jauregui-11b83653" => 1,
    "Steven-Katsos-077584b8" => 1,
    "Harold-Lynde-a54df7d7" => 1,
    "Lana-Paliy-595b276a" => 1,
    "Robert-S-Sherman-f10f4a3f" => 1,
    "Alejandro-Urrutia-1b574b86" => 1,
    "Timothy-Wyatt-0105b8de" => 1,
    "Barbara-A-Blue-14608463" => 1,
    "Nancy-S-Brucker-4471faf7" => 1,
    "write-in-0" => 1,
    "write-in-1" => 1,
    "write-in-2" => 1,
    "write-in-3" => 1,
    "write-in-4" => 1,
    "write-in-5" => 1,
    "write-in-6" => 1,
    "write-in-7" => 1,
    "write-in-8" => 1,
    "write-in-9" => 1,
    "write-in-10" => 1,
  },
  "Sheriff-ee138ee1" => Map {
    "Christopher-Connelly-970b2364" => 1,
    "Bill-Barry-0e677ca6" => 1,
    "write-in-0" => 1,
  },
  "County-Attorney-3f2a6707" => Map {
    "John-J-Coughlin-0e7bf93c" => 1,
    "Michael-Conlon-1a61fa16" => 1,
    "Nicholas-Sarwark-c8f115e2" => 1,
    "write-in-0" => 1,
  },
  "County-Treasurer-bd2e6c39" => Map {
    "David-G-Fredette-687f01ae" => 1,
    "William-Bryk-eaf936ec" => 1,
    "Richard-Manzo-c5fcc876" => 1,
    "write-in-0" => 1,
  },
  "Register-of-Deeds-75774240" => Map {
    "Jack-Flanagan-78e24cab" => 1,
    "Mary-Ann-Crowell-e1ff59b9" => 1,
    "write-in-0" => 1,
  },
  "Register-of-Probate-dd373952" => Map {
    "Elizabeth-Ann-Moreau-aec07bb4" => 1,
    "Elizabeth-Ropp-4035eed1" => 1,
    "write-in-0" => 1,
  },
  "County-Commissioner-72fa4aa2" => Map {
    "Michael-Soucy-b23f7c2d" => 1,
    "Daniel-C-Hansberry-8c0291ec" => 1,
    "write-in-0" => 1,
  },
}
`;
