// Jest Snapshot v1, https://goo.gl/fbAQLP

exports[`renders default 1`] = `
.c0 {
  max-width: 66ch;
  line-height: 1.2;
}

.c0 h1 {
  margin: 2rem 0 1rem;
  line-height: 1.1;
  font-size: 1.5rem;
}

.c0 h2 {
  margin: 1.5rem 0 0.75rem;
  font-size: 1.25rem;
}

.c0 h3 {
  font-size: 1.17rem;
}

.c0 h4 {
  font-size: 1rem;
}

.c0 h5 {
  font-size: 0.9rem;
}

.c0 h3,
.c0 h4,
.c0 h5,
.c0 p,
.c0 ol,
.c0 ul {
  margin-top: 1rem;
  margin-bottom: 1rem;
}

.c0 h1 + h2 {
  margin-top: -0.75rem;
}

.c0 h1 + p,
.c0 h2 + p,
.c0 h1 + ol,
.c0 h2 + ol,
.c0 h1 + ul,
.c0 h2 + ul {
  margin-top: -0.75rem;
}

.c0 h3 + p,
.c0 h4 + p,
.c0 h5 + p,
.c0 h3 + ol,
.c0 h4 + ol,
.c0 h5 + ol,
.c0 h3 + ul,
.c0 h4 + ul,
.c0 h5 + ul {
  margin-top: -1rem;
}

.c0 > :first-child {
  margin-top: 0;
}

.c0 > :last-child {
  margin-bottom: 0;
}

.c0 dl {
  margin: 1rem 0;
}

@media (min-width:480px) {
  .c0 {
    line-height: 1.3;
  }
}

<div
  class="c0"
>
  <h1
    aria-label="Loading."
    class="sc-iCfLBT iZvMEs"
  >
    Loading
  </h1>
</div>
`;

exports[`renders fullscreen with tag and label 1`] = `
.c1 {
  max-width: 66ch;
  line-height: 1.2;
}

.c1 h1 {
  margin: 2rem 0 1rem;
  line-height: 1.1;
  font-size: 1.5rem;
}

.c1 h2 {
  margin: 1.5rem 0 0.75rem;
  font-size: 1.25rem;
}

.c1 h3 {
  font-size: 1.17rem;
}

.c1 h4 {
  font-size: 1rem;
}

.c1 h5 {
  font-size: 0.9rem;
}

.c1 h3,
.c1 h4,
.c1 h5,
.c1 p,
.c1 ol,
.c1 ul {
  margin-top: 1rem;
  margin-bottom: 1rem;
}

.c1 h1 + h2 {
  margin-top: -0.75rem;
}

.c1 h1 + p,
.c1 h2 + p,
.c1 h1 + ol,
.c1 h2 + ol,
.c1 h1 + ul,
.c1 h2 + ul {
  margin-top: -0.75rem;
}

.c1 h3 + p,
.c1 h4 + p,
.c1 h5 + p,
.c1 h3 + ol,
.c1 h4 + ol,
.c1 h5 + ol,
.c1 h3 + ul,
.c1 h4 + ul,
.c1 h5 + ul {
  margin-top: -1rem;
}

.c1 > :first-child {
  margin-top: 0;
}

.c1 > :last-child {
  margin-bottom: 0;
}

.c1 dl {
  margin: 1rem 0;
}

.c0 {
  display: -webkit-box;
  display: -webkit-flex;
  display: -ms-flexbox;
  display: flex;
  -webkit-flex: 1;
  -ms-flex: 1;
  flex: 1;
  -webkit-align-items: center;
  -webkit-box-align: center;
  -ms-flex-align: center;
  align-items: center;
  -webkit-box-pack: center;
  -webkit-justify-content: center;
  -ms-flex-pack: center;
  justify-content: center;
}

@media (min-width:480px) {
  .c1 {
    line-height: 1.3;
  }
}

<div
  class="c0"
>
  <div
    class="c1"
  >
    <p
      aria-label="Printing."
      class="sc-iCfLBT iZvMEs"
    >
      Printing
    </p>
  </div>
</div>
`;
