// Jest Snapshot v1, https://goo.gl/fbAQLP

exports[`generateResultsCsv 1`] = `
"Contest,Contest ID,Selection,Selection ID,Precinct,Precinct ID,Voting Method,Votes
Best Animal,best-animal-mammal,Horse,horse,Precinct 1,precinct-1,Absentee,0
Best Animal,best-animal-mammal,Otter,otter,Precinct 1,precinct-1,Absentee,0
Best Animal,best-animal-mammal,Fox,fox,Precinct 1,precinct-1,Absentee,0
Best Animal,best-animal-mammal,Overvotes,,Precinct 1,precinct-1,Absentee,0
Best Animal,best-animal-mammal,Undervotes,,Precinct 1,precinct-1,Absentee,0
Best Animal,best-animal-fish,Seahorse,seahorse,Precinct 1,precinct-1,Absentee,0
Best Animal,best-animal-fish,Salmon,salmon,Precinct 1,precinct-1,Absentee,0
Best Animal,best-animal-fish,Overvotes,,Precinct 1,precinct-1,Absentee,0
Best Animal,best-animal-fish,Undervotes,,Precinct 1,precinct-1,Absentee,0
Zoo Council,zoo-council-mammal,Zebra,zebra,Precinct 1,precinct-1,Absentee,0
Zoo Council,zoo-council-mammal,Lion,lion,Precinct 1,precinct-1,Absentee,20
Zoo Council,zoo-council-mammal,Kangaroo,kangaroo,Precinct 1,precinct-1,Absentee,0
Zoo Council,zoo-council-mammal,Elephant,elephant,Precinct 1,precinct-1,Absentee,0
Zoo Council,zoo-council-mammal,Write-In,write-in,Precinct 1,precinct-1,Absentee,3
Zoo Council,zoo-council-mammal,Unofficial Write-In,unofficial,Precinct 1,precinct-1,Absentee,2
Zoo Council,zoo-council-mammal,Overvotes,,Precinct 1,precinct-1,Absentee,3
Zoo Council,zoo-council-mammal,Undervotes,,Precinct 1,precinct-1,Absentee,2
Zoo Council,aquarium-council-fish,Manta Ray,manta-ray,Precinct 1,precinct-1,Absentee,0
Zoo Council,aquarium-council-fish,Pufferfish,pufferfish,Precinct 1,precinct-1,Absentee,0
Zoo Council,aquarium-council-fish,Rockfish,rockfish,Precinct 1,precinct-1,Absentee,0
Zoo Council,aquarium-council-fish,Triggerfish,triggerfish,Precinct 1,precinct-1,Absentee,0
Zoo Council,aquarium-council-fish,Overvotes,,Precinct 1,precinct-1,Absentee,0
Zoo Council,aquarium-council-fish,Undervotes,,Precinct 1,precinct-1,Absentee,0
Ballot Measure 1,new-zoo-either,Yes,new-zoo-either-approved,Precinct 1,precinct-1,Absentee,0
Ballot Measure 1,new-zoo-either,No,new-zoo-neither-approved,Precinct 1,precinct-1,Absentee,0
Ballot Measure 1,new-zoo-either,Overvotes,,Precinct 1,precinct-1,Absentee,0
Ballot Measure 1,new-zoo-either,Undervotes,,Precinct 1,precinct-1,Absentee,0
Ballot Measure 1,new-zoo-pick,Yes,new-zoo-safari,Precinct 1,precinct-1,Absentee,0
Ballot Measure 1,new-zoo-pick,No,new-zoo-traditional,Precinct 1,precinct-1,Absentee,0
Ballot Measure 1,new-zoo-pick,Overvotes,,Precinct 1,precinct-1,Absentee,0
Ballot Measure 1,new-zoo-pick,Undervotes,,Precinct 1,precinct-1,Absentee,0
Ballot Measure 3,fishing,Yes,ban-fishing,Precinct 1,precinct-1,Absentee,0
Ballot Measure 3,fishing,No,allow-fishing,Precinct 1,precinct-1,Absentee,0
Ballot Measure 3,fishing,Overvotes,,Precinct 1,precinct-1,Absentee,0
Ballot Measure 3,fishing,Undervotes,,Precinct 1,precinct-1,Absentee,0
Best Animal,best-animal-mammal,Horse,horse,Precinct 1,precinct-1,Precinct,0
Best Animal,best-animal-mammal,Otter,otter,Precinct 1,precinct-1,Precinct,0
Best Animal,best-animal-mammal,Fox,fox,Precinct 1,precinct-1,Precinct,0
Best Animal,best-animal-mammal,Overvotes,,Precinct 1,precinct-1,Precinct,0
Best Animal,best-animal-mammal,Undervotes,,Precinct 1,precinct-1,Precinct,0
Best Animal,best-animal-fish,Seahorse,seahorse,Precinct 1,precinct-1,Precinct,0
Best Animal,best-animal-fish,Salmon,salmon,Precinct 1,precinct-1,Precinct,0
Best Animal,best-animal-fish,Overvotes,,Precinct 1,precinct-1,Precinct,0
Best Animal,best-animal-fish,Undervotes,,Precinct 1,precinct-1,Precinct,0
Zoo Council,zoo-council-mammal,Zebra,zebra,Precinct 1,precinct-1,Precinct,0
Zoo Council,zoo-council-mammal,Lion,lion,Precinct 1,precinct-1,Precinct,0
Zoo Council,zoo-council-mammal,Kangaroo,kangaroo,Precinct 1,precinct-1,Precinct,0
Zoo Council,zoo-council-mammal,Elephant,elephant,Precinct 1,precinct-1,Precinct,0
Zoo Council,zoo-council-mammal,Overvotes,,Precinct 1,precinct-1,Precinct,0
Zoo Council,zoo-council-mammal,Undervotes,,Precinct 1,precinct-1,Precinct,0
Zoo Council,aquarium-council-fish,Manta Ray,manta-ray,Precinct 1,precinct-1,Precinct,0
Zoo Council,aquarium-council-fish,Pufferfish,pufferfish,Precinct 1,precinct-1,Precinct,0
Zoo Council,aquarium-council-fish,Rockfish,rockfish,Precinct 1,precinct-1,Precinct,0
Zoo Council,aquarium-council-fish,Triggerfish,triggerfish,Precinct 1,precinct-1,Precinct,0
Zoo Council,aquarium-council-fish,Overvotes,,Precinct 1,precinct-1,Precinct,0
Zoo Council,aquarium-council-fish,Undervotes,,Precinct 1,precinct-1,Precinct,0
Ballot Measure 1,new-zoo-either,Yes,new-zoo-either-approved,Precinct 1,precinct-1,Precinct,0
Ballot Measure 1,new-zoo-either,No,new-zoo-neither-approved,Precinct 1,precinct-1,Precinct,0
Ballot Measure 1,new-zoo-either,Overvotes,,Precinct 1,precinct-1,Precinct,0
Ballot Measure 1,new-zoo-either,Undervotes,,Precinct 1,precinct-1,Precinct,0
Ballot Measure 1,new-zoo-pick,Yes,new-zoo-safari,Precinct 1,precinct-1,Precinct,0
Ballot Measure 1,new-zoo-pick,No,new-zoo-traditional,Precinct 1,precinct-1,Precinct,0
Ballot Measure 1,new-zoo-pick,Overvotes,,Precinct 1,precinct-1,Precinct,0
Ballot Measure 1,new-zoo-pick,Undervotes,,Precinct 1,precinct-1,Precinct,0
Ballot Measure 3,fishing,Yes,ban-fishing,Precinct 1,precinct-1,Precinct,0
Ballot Measure 3,fishing,No,allow-fishing,Precinct 1,precinct-1,Precinct,0
Ballot Measure 3,fishing,Overvotes,,Precinct 1,precinct-1,Precinct,0
Ballot Measure 3,fishing,Undervotes,,Precinct 1,precinct-1,Precinct,0
Best Animal,best-animal-mammal,Horse,horse,Precinct 2,precinct-2,Absentee,0
Best Animal,best-animal-mammal,Otter,otter,Precinct 2,precinct-2,Absentee,0
Best Animal,best-animal-mammal,Fox,fox,Precinct 2,precinct-2,Absentee,0
Best Animal,best-animal-mammal,Overvotes,,Precinct 2,precinct-2,Absentee,0
Best Animal,best-animal-mammal,Undervotes,,Precinct 2,precinct-2,Absentee,0
Best Animal,best-animal-fish,Seahorse,seahorse,Precinct 2,precinct-2,Absentee,0
Best Animal,best-animal-fish,Salmon,salmon,Precinct 2,precinct-2,Absentee,0
Best Animal,best-animal-fish,Overvotes,,Precinct 2,precinct-2,Absentee,0
Best Animal,best-animal-fish,Undervotes,,Precinct 2,precinct-2,Absentee,0
Zoo Council,zoo-council-mammal,Zebra,zebra,Precinct 2,precinct-2,Absentee,0
Zoo Council,zoo-council-mammal,Lion,lion,Precinct 2,precinct-2,Absentee,0
Zoo Council,zoo-council-mammal,Kangaroo,kangaroo,Precinct 2,precinct-2,Absentee,0
Zoo Council,zoo-council-mammal,Elephant,elephant,Precinct 2,precinct-2,Absentee,0
Zoo Council,zoo-council-mammal,Overvotes,,Precinct 2,precinct-2,Absentee,0
Zoo Council,zoo-council-mammal,Undervotes,,Precinct 2,precinct-2,Absentee,0
Zoo Council,aquarium-council-fish,Manta Ray,manta-ray,Precinct 2,precinct-2,Absentee,0
Zoo Council,aquarium-council-fish,Pufferfish,pufferfish,Precinct 2,precinct-2,Absentee,0
Zoo Council,aquarium-council-fish,Rockfish,rockfish,Precinct 2,precinct-2,Absentee,0
Zoo Council,aquarium-council-fish,Triggerfish,triggerfish,Precinct 2,precinct-2,Absentee,0
Zoo Council,aquarium-council-fish,Overvotes,,Precinct 2,precinct-2,Absentee,0
Zoo Council,aquarium-council-fish,Undervotes,,Precinct 2,precinct-2,Absentee,0
Ballot Measure 1,new-zoo-either,Yes,new-zoo-either-approved,Precinct 2,precinct-2,Absentee,0
Ballot Measure 1,new-zoo-either,No,new-zoo-neither-approved,Precinct 2,precinct-2,Absentee,0
Ballot Measure 1,new-zoo-either,Overvotes,,Precinct 2,precinct-2,Absentee,0
Ballot Measure 1,new-zoo-either,Undervotes,,Precinct 2,precinct-2,Absentee,0
Ballot Measure 1,new-zoo-pick,Yes,new-zoo-safari,Precinct 2,precinct-2,Absentee,0
Ballot Measure 1,new-zoo-pick,No,new-zoo-traditional,Precinct 2,precinct-2,Absentee,0
Ballot Measure 1,new-zoo-pick,Overvotes,,Precinct 2,precinct-2,Absentee,0
Ballot Measure 1,new-zoo-pick,Undervotes,,Precinct 2,precinct-2,Absentee,0
Ballot Measure 3,fishing,Yes,ban-fishing,Precinct 2,precinct-2,Absentee,0
Ballot Measure 3,fishing,No,allow-fishing,Precinct 2,precinct-2,Absentee,0
Ballot Measure 3,fishing,Overvotes,,Precinct 2,precinct-2,Absentee,0
Ballot Measure 3,fishing,Undervotes,,Precinct 2,precinct-2,Absentee,0
Best Animal,best-animal-mammal,Horse,horse,Precinct 2,precinct-2,Precinct,0
Best Animal,best-animal-mammal,Otter,otter,Precinct 2,precinct-2,Precinct,0
Best Animal,best-animal-mammal,Fox,fox,Precinct 2,precinct-2,Precinct,0
Best Animal,best-animal-mammal,Overvotes,,Precinct 2,precinct-2,Precinct,0
Best Animal,best-animal-mammal,Undervotes,,Precinct 2,precinct-2,Precinct,0
Best Animal,best-animal-fish,Seahorse,seahorse,Precinct 2,precinct-2,Precinct,0
Best Animal,best-animal-fish,Salmon,salmon,Precinct 2,precinct-2,Precinct,0
Best Animal,best-animal-fish,Overvotes,,Precinct 2,precinct-2,Precinct,0
Best Animal,best-animal-fish,Undervotes,,Precinct 2,precinct-2,Precinct,0
Zoo Council,zoo-council-mammal,Zebra,zebra,Precinct 2,precinct-2,Precinct,0
Zoo Council,zoo-council-mammal,Lion,lion,Precinct 2,precinct-2,Precinct,0
Zoo Council,zoo-council-mammal,Kangaroo,kangaroo,Precinct 2,precinct-2,Precinct,0
Zoo Council,zoo-council-mammal,Elephant,elephant,Precinct 2,precinct-2,Precinct,0
Zoo Council,zoo-council-mammal,Overvotes,,Precinct 2,precinct-2,Precinct,0
Zoo Council,zoo-council-mammal,Undervotes,,Precinct 2,precinct-2,Precinct,0
Zoo Council,aquarium-council-fish,Manta Ray,manta-ray,Precinct 2,precinct-2,Precinct,0
Zoo Council,aquarium-council-fish,Pufferfish,pufferfish,Precinct 2,precinct-2,Precinct,0
Zoo Council,aquarium-council-fish,Rockfish,rockfish,Precinct 2,precinct-2,Precinct,0
Zoo Council,aquarium-council-fish,Triggerfish,triggerfish,Precinct 2,precinct-2,Precinct,0
Zoo Council,aquarium-council-fish,Overvotes,,Precinct 2,precinct-2,Precinct,0
Zoo Council,aquarium-council-fish,Undervotes,,Precinct 2,precinct-2,Precinct,0
Ballot Measure 1,new-zoo-either,Yes,new-zoo-either-approved,Precinct 2,precinct-2,Precinct,0
Ballot Measure 1,new-zoo-either,No,new-zoo-neither-approved,Precinct 2,precinct-2,Precinct,0
Ballot Measure 1,new-zoo-either,Overvotes,,Precinct 2,precinct-2,Precinct,0
Ballot Measure 1,new-zoo-either,Undervotes,,Precinct 2,precinct-2,Precinct,0
Ballot Measure 1,new-zoo-pick,Yes,new-zoo-safari,Precinct 2,precinct-2,Precinct,0
Ballot Measure 1,new-zoo-pick,No,new-zoo-traditional,Precinct 2,precinct-2,Precinct,0
Ballot Measure 1,new-zoo-pick,Overvotes,,Precinct 2,precinct-2,Precinct,0
Ballot Measure 1,new-zoo-pick,Undervotes,,Precinct 2,precinct-2,Precinct,0
Ballot Measure 3,fishing,Yes,ban-fishing,Precinct 2,precinct-2,Precinct,1
Ballot Measure 3,fishing,No,allow-fishing,Precinct 2,precinct-2,Precinct,4
Ballot Measure 3,fishing,Overvotes,,Precinct 2,precinct-2,Precinct,3
Ballot Measure 3,fishing,Undervotes,,Precinct 2,precinct-2,Precinct,2
"
`;
