// Jest Snapshot v1, https://goo.gl/fbAQLP

exports[`renders ButtonBar 1`] = `
.c0 {
  display: -webkit-box;
  display: -webkit-flex;
  display: -ms-flexbox;
  display: flex;
  -webkit-flex-wrap: wrap-reverse;
  -ms-flex-wrap: wrap-reverse;
  flex-wrap: wrap-reverse;
  -webkit-align-items: center;
  -webkit-box-align: center;
  -ms-flex-align: center;
  align-items: center;
  -webkit-box-pack: center;
  -webkit-justify-content: center;
  -ms-flex-pack: center;
  justify-content: center;
  border-top: 0.06rem solid #222222;
  padding: 7.2px;
  gap: 7.2px;
}

.c0 > * {
  -webkit-box-flex: 1;
  -webkit-flex-grow: 1;
  -ms-flex-positive: 1;
  flex-grow: 1;
}

.c0 > *:first-child {
  -webkit-order: 2;
  -ms-flex-order: 2;
  order: 2;
  min-width: 40%;
}

@media print {

}

@media print {

}

@media print {

}

@media (min-width:480px) {
  .c0 > *:only-child {
    -webkit-box-flex: initial;
    -webkit-flex-grow: initial;
    -ms-flex-positive: initial;
    flex-grow: initial;
    margin: auto;
    min-width: 33.333%;
  }
}

<div
  class="c0"
>
  foo
</div>
`;
