// Jest Snapshot v1, https://goo.gl/fbAQLP

exports[`snapshot 1`] = `
<div
  class="sc-eCImvq lhLApJ"
  tabindex="0"
>
  <button
    class="sc-gsDJrp dmKzwC"
    type="button"
  >
    1
  </button>
  <button
    class="sc-gsDJrp dmKzwC"
    type="button"
  >
    2
  </button>
  <button
    class="sc-gsDJrp dmKzwC"
    type="button"
  >
    3
  </button>
  <button
    class="sc-gsDJrp dmKzwC"
    type="button"
  >
    4
  </button>
  <button
    class="sc-gsDJrp dmKzwC"
    type="button"
  >
    5
  </button>
  <button
    class="sc-gsDJrp dmKzwC"
    type="button"
  >
    6
  </button>
  <button
    class="sc-gsDJrp dmKzwC"
    type="button"
  >
    7
  </button>
  <button
    class="sc-gsDJrp dmKzwC"
    type="button"
  >
    8
  </button>
  <button
    class="sc-gsDJrp dmKzwC"
    type="button"
  >
    9
  </button>
  <button
    class="sc-gsDJrp dmKzwC"
    type="button"
  >
    <span
      aria-label="clear"
      role="img"
    >
      ✖
    </span>
  </button>
  <button
    class="sc-gsDJrp dmKzwC"
    type="button"
  >
    0
  </button>
  <button
    class="sc-gsDJrp dmKzwC"
    type="button"
  >
    <span
      aria-label="backspace"
      role="img"
    >
      ⌫
    </span>
  </button>
</div>
`;
