// Jest Snapshot v1, https://goo.gl/fbAQLP

exports[`renders without a USB drive as expected. 1`] = `
.c0 {
  display: inline-block;
  border: none;
  border-radius: 0.25em;
  box-shadow: 0 0 0 0 rgba(71,167,75,1);
  box-sizing: border-box;
  background: rgb(211,211,211);
  cursor: pointer;
  padding: 0.75em 1em;
  text-align: center;
  line-height: 1.25;
  color: black;
  touch-action: manipulation;
}

.c0:hover,
.c0:active {
  outline: none;
}

<div>
  <button
    class="c0"
    type="button"
  >
    Reboot from USB
  </button>
</div>
`;
