// Jest Snapshot v1, https://goo.gl/fbAQLP

exports[`renders SetupCardReaderPage triggers useEffect property 1`] = `
<div
  class="sc-ikJzcn gRNMqs"
>
  <main
    class="sc-fotPbf kpwCyO"
  >
    <div
      class="sc-fFehDp AAPaQ"
    >
      <div
        class="sc-furvIG eYFtVL"
      >
        <h1>
          Card Reader Not Detected
        </h1>
        <p>
          Please ask a poll worker to connect card reader.
        </p>
      </div>
    </div>
  </main>
</div>
`;

exports[`renders SetupCardReaderPage with no useEffect trigger as expected 1`] = `
<div
  class="sc-ikJzcn gRNMqs"
>
  <main
    class="sc-fotPbf kpwCyO"
  >
    <div
      class="sc-fFehDp AAPaQ"
    >
      <div
        class="sc-furvIG eYFtVL"
      >
        <h1>
          Card Reader Not Detected
        </h1>
        <p>
          Please ask a poll worker to connect card reader.
        </p>
      </div>
    </div>
  </main>
</div>
`;
