// Jest Snapshot v1, https://goo.gl/fbAQLP

exports[`Renders ElectionInfoBar 1`] = `
<div>
  <div
    class="sc-bqiQRQ frArmS"
  >
    <div
      class="sc-pVTma fVjNBH"
    >
      <strong
        class="sc-crHlIS ZRmpD"
      >
        General Election
      </strong>
       —
       
      <span
        class="sc-crHlIS ZRmpD"
      >
        Tuesday, November 3, 2020
      </span>
      <div
        class="sc-iqsfdx hHUHJL"
      >
        <span
          class="sc-crHlIS ZRmpD"
        >
          PRECINCT NAME HERE
        </span>
         —
         
        <span
          class="sc-crHlIS ZRmpD"
        >
          Franklin County
          ,
           
          State of Hamilton
        </span>
      </div>
    </div>
    <div
      class="sc-ksdxAp eeMtQw"
    />
    <div
      class="sc-pVTma cSFpjP"
    >
      <div
        class="sc-iqsfdx hHUHJL"
      >
        Election ID
      </div>
      <strong>
        2f6b1553c7
      </strong>
    </div>
  </div>
</div>
`;
