// Jest Snapshot v1, https://goo.gl/fbAQLP

exports[`renders NotFoundPage 1`] = `
.c4 {
  display: inline-block;
  border: none;
  border-radius: 0.25rem;
  box-shadow: 0 0 0 0 rgba(71,167,75,1);
  box-sizing: border-box;
  background: rgb(211,211,211);
  cursor: pointer;
  padding: 0.75rem 1rem;
  line-height: 1.25;
  color: black;
  touch-action: manipulation;
}

.c4:focus {
  outline: none;
}

.c4:hover,
.c4:active {
  outline: none;
}

.c1 {
  display: -webkit-box;
  display: -webkit-flex;
  display: -ms-flexbox;
  display: flex;
  -webkit-flex-direction: column;
  -ms-flex-direction: column;
  flex-direction: column;
  overflow: auto;
}

.c2 {
  margin: auto auto;
  max-width: 35rem;
}

.c3 {
  margin: auto;
  max-width: 66ch;
  text-align: center;
  line-height: 1.2;
}

.c3 h1 {
  margin: 2rem 0 1rem;
  line-height: 1.1;
  font-size: 1.5rem;
}

.c3 h2 {
  margin: 1.5rem 0 0.75rem;
  font-size: 1.25rem;
}

.c3 h3 {
  font-size: 1.17rem;
}

.c3 h4 {
  font-size: 1rem;
}

.c3 h5 {
  font-size: 0.9rem;
}

.c3 h3,
.c3 h4,
.c3 h5,
.c3 p {
  margin-top: 1rem;
  margin-bottom: 1rem;
}

.c3 h1 + h2 {
  margin-top: -0.75rem;
}

.c3 h1 + p,
.c3 h2 + p {
  margin-top: -0.75rem;
}

.c3 h3 + p,
.c3 h4 + p,
.c3 h5 + p {
  margin-top: -1rem;
}

.c3 > :first-child {
  margin-top: 0;
}

.c3 > :last-child {
  margin-bottom: 0;
}

.c3 dl {
  margin: 1rem 0;
}

.c0 {
  display: -webkit-box;
  display: -webkit-flex;
  display: -ms-flexbox;
  display: flex;
  -webkit-flex-direction: row;
  -ms-flex-direction: row;
  flex-direction: row;
  height: 100%;
}

.c0 > nav {
  -webkit-flex: 1;
  -ms-flex: 1;
  flex: 1;
}

.c0 > main {
  -webkit-flex: 2;
  -ms-flex: 2;
  flex: 2;
}

@media (min-width:480px) {
  .c3 {
    line-height: 1.3;
  }
}

@media print {
  .c0 {
    display: none;
  }
}

<div
  class="c0"
>
  <main
    class="c1"
  >
    <div
      class="c2"
    >
      <div
        class="c3"
      >
        <h1>
          Page Not Found.
        </h1>
        <p>
          No page exists at 
          <code>
            /foobar-not-found-path
          </code>
          .
        </p>
        <p>
          <button
            class="c4"
            type="button"
          >
            Start Over
          </button>
        </p>
      </div>
    </div>
  </main>
</div>
`;
