// Jest Snapshot v1, https://goo.gl/fbAQLP

exports[`renders ButtonBar 1`] = `
.c0 {
  display: -webkit-box;
  display: -webkit-flex;
  display: -ms-flexbox;
  display: flex;
  -webkit-flex-wrap: wrap-reverse;
  -ms-flex-wrap: wrap-reverse;
  flex-wrap: wrap-reverse;
  -webkit-align-items: center;
  -webkit-box-align: center;
  -ms-flex-align: center;
  align-items: center;
  -webkit-box-pack: justify;
  -webkit-justify-content: space-between;
  -ms-flex-pack: justify;
  justify-content: space-between;
  border-bottom: 1px solid rgb(169,169,169);
  background: rgba(0,0,0,0.05);
  padding: 0.25rem;
}

.c0 > *:first-child {
  -webkit-order: 2;
  -ms-flex-order: 2;
  order: 2;
  min-width: 50%;
}

.c0 > * {
  -webkit-box-flex: 1;
  -webkit-flex-grow: 1;
  -ms-flex-positive: 1;
  flex-grow: 1;
  margin: 0.25rem;
}

@media (min-width:480px) {
  .c0 > *:only-child {
    -webkit-box-flex: initial;
    -webkit-flex-grow: initial;
    -ms-flex-positive: initial;
    flex-grow: initial;
    margin: auto;
    min-width: 33.333%;
  }
}

<nav
  class="c0"
>
  foo
</nav>
`;
