// Jest Snapshot v1, https://goo.gl/fbAQLP

exports[`Renders Loading with defaults 1`] = `
.c1 {
  margin-left: -1.4em;
  text-align: center;
  white-space: nowrap;
}

.c1::before,
.c1::after {
  display: inline-block;
  width: 0;
  overflow: hidden;
  vertical-align: bottom;
  text-align: left;
  content: 'â€¦';
  -webkit-animation: loadingEllipsis steps(4,end) 2s infinite;
  animation: loadingEllipsis steps(4,end) 2s infinite;
}

.c1::before {
  color: transparent;
}

.c0 {
  max-width: 66ch;
  line-height: 1.2;
}

.c0 h1 {
  margin: 2em 0 1em;
  line-height: 1.1;
  font-size: 1.5em;
}

.c0 h2 {
  margin: 1.5em 0 0.75em;
  font-size: 1.25em;
}

.c0 h3 {
  font-size: 1.17em;
}

.c0 h4 {
  font-size: 1em;
}

.c0 h5 {
  font-size: 0.9em;
}

.c0 h3,
.c0 h4,
.c0 h5,
.c0 p,
.c0 ol,
.c0 ul,
.c0 hr {
  margin-top: 1em;
  margin-bottom: 1em;
}

.c0 h1 + h2 {
  margin-top: -0.75em;
}

.c0 h1 + p,
.c0 h2 + p,
.c0 h1 + ol,
.c0 h2 + ol,
.c0 h1 + ul,
.c0 h2 + ul {
  margin-top: -0.75em;
}

.c0 h3 + p,
.c0 h4 + p,
.c0 h5 + p,
.c0 h3 + ol,
.c0 h4 + ol,
.c0 h5 + ol,
.c0 h3 + ul,
.c0 h4 + ul,
.c0 h5 + ul {
  margin-top: -1em;
}

.c0 > :not(.ignore-prose):first-child {
  margin-top: 0;
}

.c0 > :not(.ignore-prose):last-child {
  margin-bottom: 0;
}

.c0 dl {
  margin: 1em 0;
}

.c0 hr {
  border: 0;
  border-top: 0.1em solid #666666;
}

<div
  class="c0"
>
  <h1
    aria-label="Loading."
    class="c1"
  >
    Loading
  </h1>
</div>
`;
