// Jest Snapshot v1, https://goo.gl/fbAQLP

exports[`renders ProgressEllipsis 1`] = `
.c0 {
  margin-left: -1.4em;
  text-align: center;
  white-space: nowrap;
}

.c0::before,
.c0::after {
  display: inline-block;
  width: 0;
  overflow: hidden;
  vertical-align: bottom;
  text-align: left;
  content: 'â€¦';
  -webkit-animation: loadingEllipsis steps(4,end) 2s infinite;
  animation: loadingEllipsis steps(4,end) 2s infinite;
}

.c0::before {
  color: transparent;
}

<div>
  <span
    class="c0"
  />
</div>
`;
