// Jest Snapshot v1, https://goo.gl/fbAQLP

exports[`Single Seat Contest 1`] = `
.c7 {
  font-size: 1em;
  font-weight: 600;
  line-height: 1.15;
  margin: 0;
}

.c23 {
  font-size: 1em;
  font-weight: 300;
  line-height: 1.15;
  margin: 0;
  font-size: 0.75rem;
}

.c9 {
  font-size: 1em;
  line-height: 1.15;
  margin: 0;
  font-size: 0.75rem;
}

.c6 {
  font-size: 1em;
  line-height: 1.15;
  margin: 0;
  white-space: nowrap;
  font-size: 0.75rem;
}

.c5 {
  font-size: 1em;
  font-weight: 500;
  line-height: 1.15;
  margin: 0;
  font-size: 0.75rem;
}

.c21 {
  font-size: 1em;
  line-height: 1.15;
  margin: 0;
  font-size: 1rem;
  margin-bottom: 0.5em;
}

.c8 {
  font-size: 1em;
  line-height: 1.15;
  margin: 0;
  font-weight: 500;
  line-height: 1.035;
  margin-bottom: 0.3em;
  font-size: 1.75rem;
  font-weight: 600;
}

.c8:not(:first-child) {
  margin-top: 1.25em;
}

.c8 + h1,
.c8 + h2,
.c8 + h3,
.c8 + h4,
.c8 + h5,
.c8 + h6 {
  margin-top: 0 !important;
}

.c19 {
  fill: currentColor;
  height: 1em;
  width: 1em;
}

.c13 {
  display: inline-block;
  border: none;
  border-radius: 0.25em;
  box-sizing: border-box;
  background: #00437d;
  padding: 0.75em 1em;
  text-align: center;
  line-height: 1.25;
  color: #fafafa;
  touch-action: manipulation;
  -webkit-align-items: center;
  -webkit-box-align: center;
  -ms-flex-align: center;
  align-items: center;
  display: -webkit-inline-box;
  display: -webkit-inline-flex;
  display: -ms-inline-flexbox;
  display: inline-flex;
  -webkit-flex-wrap: wrap;
  -ms-flex-wrap: wrap;
  flex-wrap: wrap;
  -webkit-box-pack: center;
  -webkit-justify-content: center;
  -ms-flex-pack: center;
  justify-content: center;
  font-family: inherit;
  font-size: 1rem;
  font-weight: 600;
  gap: 0.5rem;
  -webkit-letter-spacing: 0.01em;
  -moz-letter-spacing: 0.01em;
  -ms-letter-spacing: 0.01em;
  letter-spacing: 0.01em;
  line-height: 1.15;
  padding: 0.5em 0.6em;
  width: auto;
  min-height: 70.86614173228345px;
  vertical-align: middle;
  background: #00437d;
  border: 0.15rem solid #00437d;
  border-radius: 0.25rem;
  box-shadow: none;
  color: #fafafa;
  cursor: pointer;
  text-shadow: none;
  -webkit-transition: 100ms ease-in;
  transition: 100ms ease-in;
  -webkit-transition-property: background,border,box-shadow,color;
  transition-property: background,border,box-shadow,color;
}

.c13:hover,
.c13:active {
  outline: none;
}

.c13:hover,
.c13:active {
  outline: none;
}

.c13:active {
  box-shadow: inset 0 0 0 0.15rem #fafafa;
}

.c13[disabled] {
  border: 0.15rem dashed #222222;
  box-shadow: none;
  cursor: not-allowed;
}

.c24 {
  display: inline-block;
  border: none;
  border-radius: 0.25em;
  box-sizing: border-box;
  background: #fafafa;
  padding: 0.75em 1em;
  text-align: center;
  line-height: 1.25;
  color: #222222;
  touch-action: manipulation;
  -webkit-align-items: center;
  -webkit-box-align: center;
  -ms-flex-align: center;
  align-items: center;
  display: -webkit-inline-box;
  display: -webkit-inline-flex;
  display: -ms-inline-flexbox;
  display: inline-flex;
  -webkit-flex-wrap: wrap;
  -ms-flex-wrap: wrap;
  flex-wrap: wrap;
  -webkit-box-pack: center;
  -webkit-justify-content: center;
  -ms-flex-pack: center;
  justify-content: center;
  font-family: inherit;
  font-size: 1rem;
  font-weight: 600;
  gap: 0.5rem;
  -webkit-letter-spacing: 0.01em;
  -moz-letter-spacing: 0.01em;
  -ms-letter-spacing: 0.01em;
  letter-spacing: 0.01em;
  line-height: 1.15;
  padding: 0.5em 0.6em;
  width: auto;
  min-height: 70.86614173228345px;
  vertical-align: middle;
  background: #fafafa;
  border: 0.15rem solid #222222;
  border-radius: 0.25rem;
  box-shadow: none;
  color: #222222;
  cursor: pointer;
  text-shadow: none;
  -webkit-transition: 100ms ease-in;
  transition: 100ms ease-in;
  -webkit-transition-property: background,border,box-shadow,color;
  transition-property: background,border,box-shadow,color;
}

.c24:hover,
.c24:active {
  outline: none;
}

.c24:hover,
.c24:active {
  outline: none;
}

.c24:active {
  box-shadow: inset 0 0 0 0.15rem #222222;
}

.c24[disabled] {
  border: 0.15rem dashed #222222;
  box-shadow: none;
  cursor: not-allowed;
}

.c28 {
  display: inline-block;
}

.c15 {
  display: inline-block;
  -webkit-box-flex: 1;
  -webkit-flex-grow: 1;
  -ms-flex-positive: 1;
  flex-grow: 1;
  -webkit-flex-shrink: 1;
  -ms-flex-negative: 1;
  flex-shrink: 1;
}

.c26 {
  -webkit-align-items: center;
  -webkit-box-align: center;
  -ms-flex-align: center;
  align-items: center;
  border: 0.055rem solid currentColor;
  border-radius: 0.15em;
  box-sizing: border-box;
  display: -webkit-inline-box;
  display: -webkit-inline-flex;
  display: -ms-inline-flexbox;
  display: inline-flex;
  height: 1.75em;
  -webkit-box-pack: center;
  -webkit-justify-content: center;
  -ms-flex-pack: center;
  justify-content: center;
  width: 1.75em;
}

.c26 > * {
  opacity: 0;
  -webkit-transition: opacity 100ms ease-in;
  transition: opacity 100ms ease-in;
}

.c18 {
  -webkit-align-items: center;
  -webkit-box-align: center;
  -ms-flex-align: center;
  align-items: center;
  border: 0.055rem solid currentColor;
  border-radius: 0.15em;
  box-sizing: border-box;
  display: -webkit-inline-box;
  display: -webkit-inline-flex;
  display: -ms-inline-flexbox;
  display: inline-flex;
  height: 1.75em;
  -webkit-box-pack: center;
  -webkit-justify-content: center;
  -ms-flex-pack: center;
  justify-content: center;
  width: 1.75em;
  border: 0.15rem solid currentColor;
}

.c18 > * {
  opacity: 1;
  -webkit-transition: opacity 100ms ease-in;
  transition: opacity 100ms ease-in;
}

.c25 {
  border: 0.055rem solid currentColor;
  -webkit-box-pack: start;
  -webkit-justify-content: start;
  -ms-flex-pack: start;
  justify-content: start;
  min-width: -webkit-min-content;
  min-width: -moz-min-content;
  min-width: min-content;
  padding: 0.5rem 0.5rem;
  text-align: left;
  width: 100%;
}

.c25:active {
  border: 0.055rem solid #00437d;
}

.c14 {
  border: 0.055rem solid currentColor;
  -webkit-box-pack: start;
  -webkit-justify-content: start;
  -ms-flex-pack: start;
  justify-content: start;
  min-width: -webkit-min-content;
  min-width: -moz-min-content;
  min-width: min-content;
  padding: 0.5rem 0.5rem;
  text-align: left;
  width: 100%;
  border: 0.055rem solid #00437d;
}

.c14:active {
  border: 0.055rem solid #00437d;
}

.c16 {
  -webkit-align-items: center;
  -webkit-box-align: center;
  -ms-flex-align: center;
  align-items: center;
  display: -webkit-box;
  display: -webkit-flex;
  display: -ms-flexbox;
  display: flex;
  -webkit-flex-wrap: nowrap;
  -ms-flex-wrap: nowrap;
  flex-wrap: nowrap;
  gap: 0.5rem;
}

.c17 {
  -webkit-box-flex: 0;
  -webkit-flex-grow: 0;
  -ms-flex-positive: 0;
  flex-grow: 0;
  -webkit-flex-shrink: 0;
  -ms-flex-negative: 0;
  flex-shrink: 0;
}

.c20 {
  -webkit-box-flex: 1;
  -webkit-flex-grow: 1;
  -ms-flex-positive: 1;
  flex-grow: 1;
  line-height: 1;
}

.c22 {
  line-height: inherit;
  margin-bottom: 0;
}

.c1 {
  display: -webkit-box;
  display: -webkit-flex;
  display: -ms-flexbox;
  display: flex;
  -webkit-flex-direction: column;
  -ms-flex-direction: column;
  flex-direction: column;
  height: 100%;
}

.c2 {
  display: -webkit-box;
  display: -webkit-flex;
  display: -ms-flexbox;
  display: flex;
  -webkit-flex: 1;
  -ms-flex: 1;
  flex: 1;
  -webkit-flex-direction: column;
  -ms-flex-direction: column;
  flex-direction: column;
  overflow: auto;
}

.c10 {
  display: -webkit-box;
  display: -webkit-flex;
  display: -ms-flexbox;
  display: flex;
  height: 100%;
  overflow: hidden;
  position: relative;
}

.c11 {
  -webkit-align-items: stretch;
  -webkit-box-align: stretch;
  -ms-flex-align: stretch;
  align-items: stretch;
  display: -webkit-box;
  display: -webkit-flex;
  display: -ms-flexbox;
  display: flex;
  -webkit-flex-direction: column;
  -ms-flex-direction: column;
  flex-direction: column;
  -webkit-box-flex: 1;
  -webkit-flex-grow: 1;
  -ms-flex-positive: 1;
  flex-grow: 1;
  -webkit-box-pack: stretch;
  -webkit-justify-content: stretch;
  -ms-flex-pack: stretch;
  justify-content: stretch;
  overflow: scroll;
  padding: 0 0.5rem;
  padding-bottom: 0;
}

.c12 {
  display: grid;
  grid-auto-rows: minmax(auto,1fr);
  grid-gap: 0.5rem;
}

.c3 {
  padding: 0.25rem 0.5rem 0.5rem;
}

.c4 {
  display: -webkit-box;
  display: -webkit-flex;
  display: -ms-flexbox;
  display: flex;
  gap: 0.5rem;
  -webkit-box-pack: justify;
  -webkit-justify-content: space-between;
  -ms-flex-pack: justify;
  justify-content: space-between;
}

.c27 {
  -webkit-align-items: stretch;
  -webkit-box-align: stretch;
  -ms-flex-align: stretch;
  align-items: stretch;
  border-top: 0.25rem solid #222222;
  display: -webkit-box;
  display: -webkit-flex;
  display: -ms-flexbox;
  display: flex;
  gap: 0.5rem;
  -webkit-box-pack: right;
  -webkit-justify-content: right;
  -ms-flex-pack: right;
  justify-content: right;
  min-height: 4.5rem;
  padding: 0.5rem;
}

.c27 > *:not(:first-child):not(:last-child) {
  -webkit-box-flex: 1;
  -webkit-flex-grow: 1;
  -ms-flex-positive: 1;
  flex-grow: 1;
}

.c29 {
  -webkit-align-items: center;
  -webkit-box-align: center;
  -ms-flex-align: center;
  align-items: center;
  display: -webkit-box;
  display: -webkit-flex;
  display: -ms-flexbox;
  display: flex;
  -webkit-flex-wrap: nowrap;
  -ms-flex-wrap: nowrap;
  flex-wrap: nowrap;
  -webkit-box-pack: center;
  -webkit-justify-content: center;
  -ms-flex-pack: center;
  justify-content: center;
  gap: 0.5rem;
  text-align: left;
}

.c0 {
  height: 100%;
}

.c0:focus {
  outline: none;
}

@media print {

}

@media print {

}

@media print {

}

@media (min-width:480px) {

}

@media print {
  .c1 {
    display: none;
  }
}

@media (min-width:480px) {

}

@media print {

}

@media (min-width:480px) {

}

@media print {

}

@media (orientation:portrait) {

}

@media (orientation:portrait) {

}

@media print {

}

@media print {

}

@media print {

}

<div
  class="c0"
  tabindex="-1"
>
  <div
    class="c1"
  >
    <main
      class="c2"
    >
      <div
        class="c3"
        id="contest-header"
      >
        <div
          id="audiofocus"
        >
          <div
            class="c4"
          >
            <span
              class="c5"
            >
              District 2
            </span>
            <span
              class="c6"
            >
              Contest 
              <span
                class="c7"
              >
                9
              </span>
               of
               
              <span
                class="c7"
              >
                20
              </span>
            </span>
          </div>
          <div>
            <h1
              class="c8"
            >
              County Commissioners
            </h1>
          </div>
          <span
            class="c9"
          >
            Vote for 
            4
            .
             
            <span
              class="c7"
            >
              You have selected 
              4
              .
            </span>
            <span
              class="screen-reader-only"
            >
              To navigate through the contest choices, use the down button. To move to the next contest, use the right button.
            </span>
          </span>
        </div>
      </div>
      <div
        class="c10"
      >
        <div
          class="c11"
        >
          <div
            aria-multiselectable="true"
            class="c12"
            role="listbox"
          >
            <button
              aria-label="Selected, Camille Argent, Federalist."
              aria-selected="true"
              class="c13 c14"
              role="option"
              type="button"
            >
              <span
                class="c15"
              >
                <span
                  class="c16"
                >
                  <span
                    class="c17"
                  >
                    <span
                      class="c18"
                    >
                      <svg
                        aria-hidden="true"
                        class="c19"
                        height="100"
                        role="img"
                        viewBox="0 0 100 100"
                        width="100"
                      >
                        <path
                          d="M89.7038 10.1045C88.2094 8.40006 85.759 8.40006 84.2646 10.1045L39.0198 61.5065L15.719 34.8471C14.2245 33.1364 11.7906 33.1364 10.2852 34.8471L2.12082 44.1186C0.626395 45.8105 0.626395 48.5951 2.12082 50.2996L36.2782 89.3708C37.7727 91.0628 40.2066 91.0628 41.7175 89.3708L97.8627 25.5632C99.3791 23.8587 99.3791 21.0679 97.8627 19.3572L89.7038 10.1045Z"
                        />
                      </svg>
                    </span>
                  </span>
                  <span
                    class="c20"
                  >
                    <p
                      class="c21 c22"
                    >
                      Camille Argent
                    </p>
                    <span
                      class="c23"
                    >
                      Federalist
                    </span>
                  </span>
                </span>
              </span>
            </button>
            <button
              aria-label="Selected, Chloe Witherspoon-Smithson, Federalist."
              aria-selected="true"
              class="c13 c14"
              role="option"
              type="button"
            >
              <span
                class="c15"
              >
                <span
                  class="c16"
                >
                  <span
                    class="c17"
                  >
                    <span
                      class="c18"
                    >
                      <svg
                        aria-hidden="true"
                        class="c19"
                        height="100"
                        role="img"
                        viewBox="0 0 100 100"
                        width="100"
                      >
                        <path
                          d="M89.7038 10.1045C88.2094 8.40006 85.759 8.40006 84.2646 10.1045L39.0198 61.5065L15.719 34.8471C14.2245 33.1364 11.7906 33.1364 10.2852 34.8471L2.12082 44.1186C0.626395 45.8105 0.626395 48.5951 2.12082 50.2996L36.2782 89.3708C37.7727 91.0628 40.2066 91.0628 41.7175 89.3708L97.8627 25.5632C99.3791 23.8587 99.3791 21.0679 97.8627 19.3572L89.7038 10.1045Z"
                        />
                      </svg>
                    </span>
                  </span>
                  <span
                    class="c20"
                  >
                    <p
                      class="c21 c22"
                    >
                      Chloe Witherspoon-Smithson
                    </p>
                    <span
                      class="c23"
                    >
                      Federalist
                    </span>
                  </span>
                </span>
              </span>
            </button>
            <button
              aria-label="Selected, Clayton Bainbridge, Federalist."
              aria-selected="true"
              class="c13 c14"
              role="option"
              type="button"
            >
              <span
                class="c15"
              >
                <span
                  class="c16"
                >
                  <span
                    class="c17"
                  >
                    <span
                      class="c18"
                    >
                      <svg
                        aria-hidden="true"
                        class="c19"
                        height="100"
                        role="img"
                        viewBox="0 0 100 100"
                        width="100"
                      >
                        <path
                          d="M89.7038 10.1045C88.2094 8.40006 85.759 8.40006 84.2646 10.1045L39.0198 61.5065L15.719 34.8471C14.2245 33.1364 11.7906 33.1364 10.2852 34.8471L2.12082 44.1186C0.626395 45.8105 0.626395 48.5951 2.12082 50.2996L36.2782 89.3708C37.7727 91.0628 40.2066 91.0628 41.7175 89.3708L97.8627 25.5632C99.3791 23.8587 99.3791 21.0679 97.8627 19.3572L89.7038 10.1045Z"
                        />
                      </svg>
                    </span>
                  </span>
                  <span
                    class="c20"
                  >
                    <p
                      class="c21 c22"
                    >
                      Clayton Bainbridge
                    </p>
                    <span
                      class="c23"
                    >
                      Federalist
                    </span>
                  </span>
                </span>
              </span>
            </button>
            <button
              aria-label="Selected, Charlene Hennessey, People’s."
              aria-selected="true"
              class="c13 c14"
              role="option"
              type="button"
            >
              <span
                class="c15"
              >
                <span
                  class="c16"
                >
                  <span
                    class="c17"
                  >
                    <span
                      class="c18"
                    >
                      <svg
                        aria-hidden="true"
                        class="c19"
                        height="100"
                        role="img"
                        viewBox="0 0 100 100"
                        width="100"
                      >
                        <path
                          d="M89.7038 10.1045C88.2094 8.40006 85.759 8.40006 84.2646 10.1045L39.0198 61.5065L15.719 34.8471C14.2245 33.1364 11.7906 33.1364 10.2852 34.8471L2.12082 44.1186C0.626395 45.8105 0.626395 48.5951 2.12082 50.2996L36.2782 89.3708C37.7727 91.0628 40.2066 91.0628 41.7175 89.3708L97.8627 25.5632C99.3791 23.8587 99.3791 21.0679 97.8627 19.3572L89.7038 10.1045Z"
                        />
                      </svg>
                    </span>
                  </span>
                  <span
                    class="c20"
                  >
                    <p
                      class="c21 c22"
                    >
                      Charlene Hennessey
                    </p>
                    <span
                      class="c23"
                    >
                      People’s
                    </span>
                  </span>
                </span>
              </span>
            </button>
            <button
              aria-label=" Eric Savoy, People’s."
              aria-selected="false"
              class="c24 c25"
              role="option"
              type="button"
            >
              <span
                class="c15"
              >
                <span
                  class="c16"
                >
                  <span
                    class="c17"
                  >
                    <span
                      class="c26"
                    >
                      <svg
                        aria-hidden="true"
                        class="c19"
                        height="100"
                        role="img"
                        viewBox="0 0 100 100"
                        width="100"
                      >
                        <path
                          d="M89.7038 10.1045C88.2094 8.40006 85.759 8.40006 84.2646 10.1045L39.0198 61.5065L15.719 34.8471C14.2245 33.1364 11.7906 33.1364 10.2852 34.8471L2.12082 44.1186C0.626395 45.8105 0.626395 48.5951 2.12082 50.2996L36.2782 89.3708C37.7727 91.0628 40.2066 91.0628 41.7175 89.3708L97.8627 25.5632C99.3791 23.8587 99.3791 21.0679 97.8627 19.3572L89.7038 10.1045Z"
                        />
                      </svg>
                    </span>
                  </span>
                  <span
                    class="c20"
                  >
                    <p
                      class="c21 c22"
                    >
                      Eric Savoy
                    </p>
                    <span
                      class="c23"
                    >
                      People’s
                    </span>
                  </span>
                </span>
              </span>
            </button>
            <button
              aria-label=" Susan Tawa, People’s."
              aria-selected="false"
              class="c24 c25"
              role="option"
              type="button"
            >
              <span
                class="c15"
              >
                <span
                  class="c16"
                >
                  <span
                    class="c17"
                  >
                    <span
                      class="c26"
                    >
                      <svg
                        aria-hidden="true"
                        class="c19"
                        height="100"
                        role="img"
                        viewBox="0 0 100 100"
                        width="100"
                      >
                        <path
                          d="M89.7038 10.1045C88.2094 8.40006 85.759 8.40006 84.2646 10.1045L39.0198 61.5065L15.719 34.8471C14.2245 33.1364 11.7906 33.1364 10.2852 34.8471L2.12082 44.1186C0.626395 45.8105 0.626395 48.5951 2.12082 50.2996L36.2782 89.3708C37.7727 91.0628 40.2066 91.0628 41.7175 89.3708L97.8627 25.5632C99.3791 23.8587 99.3791 21.0679 97.8627 19.3572L89.7038 10.1045Z"
                        />
                      </svg>
                    </span>
                  </span>
                  <span
                    class="c20"
                  >
                    <p
                      class="c21 c22"
                    >
                      Susan Tawa
                    </p>
                    <span
                      class="c23"
                    >
                      People’s
                    </span>
                  </span>
                </span>
              </span>
            </button>
            <button
              aria-label=" Mary Tawa, People’s."
              aria-selected="false"
              class="c24 c25"
              role="option"
              type="button"
            >
              <span
                class="c15"
              >
                <span
                  class="c16"
                >
                  <span
                    class="c17"
                  >
                    <span
                      class="c26"
                    >
                      <svg
                        aria-hidden="true"
                        class="c19"
                        height="100"
                        role="img"
                        viewBox="0 0 100 100"
                        width="100"
                      >
                        <path
                          d="M89.7038 10.1045C88.2094 8.40006 85.759 8.40006 84.2646 10.1045L39.0198 61.5065L15.719 34.8471C14.2245 33.1364 11.7906 33.1364 10.2852 34.8471L2.12082 44.1186C0.626395 45.8105 0.626395 48.5951 2.12082 50.2996L36.2782 89.3708C37.7727 91.0628 40.2066 91.0628 41.7175 89.3708L97.8627 25.5632C99.3791 23.8587 99.3791 21.0679 97.8627 19.3572L89.7038 10.1045Z"
                        />
                      </svg>
                    </span>
                  </span>
                  <span
                    class="c20"
                  >
                    <p
                      class="c21 c22"
                    >
                      Mary Tawa
                    </p>
                    <span
                      class="c23"
                    >
                      People’s
                    </span>
                  </span>
                </span>
              </span>
            </button>
            <button
              aria-label=" Damian Rangel, Liberty."
              aria-selected="false"
              class="c24 c25"
              role="option"
              type="button"
            >
              <span
                class="c15"
              >
                <span
                  class="c16"
                >
                  <span
                    class="c17"
                  >
                    <span
                      class="c26"
                    >
                      <svg
                        aria-hidden="true"
                        class="c19"
                        height="100"
                        role="img"
                        viewBox="0 0 100 100"
                        width="100"
                      >
                        <path
                          d="M89.7038 10.1045C88.2094 8.40006 85.759 8.40006 84.2646 10.1045L39.0198 61.5065L15.719 34.8471C14.2245 33.1364 11.7906 33.1364 10.2852 34.8471L2.12082 44.1186C0.626395 45.8105 0.626395 48.5951 2.12082 50.2996L36.2782 89.3708C37.7727 91.0628 40.2066 91.0628 41.7175 89.3708L97.8627 25.5632C99.3791 23.8587 99.3791 21.0679 97.8627 19.3572L89.7038 10.1045Z"
                        />
                      </svg>
                    </span>
                  </span>
                  <span
                    class="c20"
                  >
                    <p
                      class="c21 c22"
                    >
                      Damian Rangel
                    </p>
                    <span
                      class="c23"
                    >
                      Liberty
                    </span>
                  </span>
                </span>
              </span>
            </button>
            <button
              aria-label=" Valarie Altman, Constitution."
              aria-selected="false"
              class="c24 c25"
              role="option"
              type="button"
            >
              <span
                class="c15"
              >
                <span
                  class="c16"
                >
                  <span
                    class="c17"
                  >
                    <span
                      class="c26"
                    >
                      <svg
                        aria-hidden="true"
                        class="c19"
                        height="100"
                        role="img"
                        viewBox="0 0 100 100"
                        width="100"
                      >
                        <path
                          d="M89.7038 10.1045C88.2094 8.40006 85.759 8.40006 84.2646 10.1045L39.0198 61.5065L15.719 34.8471C14.2245 33.1364 11.7906 33.1364 10.2852 34.8471L2.12082 44.1186C0.626395 45.8105 0.626395 48.5951 2.12082 50.2996L36.2782 89.3708C37.7727 91.0628 40.2066 91.0628 41.7175 89.3708L97.8627 25.5632C99.3791 23.8587 99.3791 21.0679 97.8627 19.3572L89.7038 10.1045Z"
                        />
                      </svg>
                    </span>
                  </span>
                  <span
                    class="c20"
                  >
                    <p
                      class="c21 c22"
                    >
                      Valarie Altman
                    </p>
                    <span
                      class="c23"
                    >
                      Constitution
                    </span>
                  </span>
                </span>
              </span>
            </button>
            <button
              aria-label=" Helen Moore, Constitution."
              aria-selected="false"
              class="c24 c25"
              role="option"
              type="button"
            >
              <span
                class="c15"
              >
                <span
                  class="c16"
                >
                  <span
                    class="c17"
                  >
                    <span
                      class="c26"
                    >
                      <svg
                        aria-hidden="true"
                        class="c19"
                        height="100"
                        role="img"
                        viewBox="0 0 100 100"
                        width="100"
                      >
                        <path
                          d="M89.7038 10.1045C88.2094 8.40006 85.759 8.40006 84.2646 10.1045L39.0198 61.5065L15.719 34.8471C14.2245 33.1364 11.7906 33.1364 10.2852 34.8471L2.12082 44.1186C0.626395 45.8105 0.626395 48.5951 2.12082 50.2996L36.2782 89.3708C37.7727 91.0628 40.2066 91.0628 41.7175 89.3708L97.8627 25.5632C99.3791 23.8587 99.3791 21.0679 97.8627 19.3572L89.7038 10.1045Z"
                        />
                      </svg>
                    </span>
                  </span>
                  <span
                    class="c20"
                  >
                    <p
                      class="c21 c22"
                    >
                      Helen Moore
                    </p>
                    <span
                      class="c23"
                    >
                      Constitution
                    </span>
                  </span>
                </span>
              </span>
            </button>
            <button
              aria-label=" Martin Schreiner, Independent."
              aria-selected="false"
              class="c24 c25"
              role="option"
              type="button"
            >
              <span
                class="c15"
              >
                <span
                  class="c16"
                >
                  <span
                    class="c17"
                  >
                    <span
                      class="c26"
                    >
                      <svg
                        aria-hidden="true"
                        class="c19"
                        height="100"
                        role="img"
                        viewBox="0 0 100 100"
                        width="100"
                      >
                        <path
                          d="M89.7038 10.1045C88.2094 8.40006 85.759 8.40006 84.2646 10.1045L39.0198 61.5065L15.719 34.8471C14.2245 33.1364 11.7906 33.1364 10.2852 34.8471L2.12082 44.1186C0.626395 45.8105 0.626395 48.5951 2.12082 50.2996L36.2782 89.3708C37.7727 91.0628 40.2066 91.0628 41.7175 89.3708L97.8627 25.5632C99.3791 23.8587 99.3791 21.0679 97.8627 19.3572L89.7038 10.1045Z"
                        />
                      </svg>
                    </span>
                  </span>
                  <span
                    class="c20"
                  >
                    <p
                      class="c21 c22"
                    >
                      Martin Schreiner
                    </p>
                    <span
                      class="c23"
                    >
                      Independent
                    </span>
                  </span>
                </span>
              </span>
            </button>
            <button
              aria-selected="false"
              class="c24 c25"
              role="option"
              type="button"
            >
              <span
                class="c15"
              >
                <span
                  class="c16"
                >
                  <span
                    class="c17"
                  >
                    <span
                      class="c26"
                    >
                      <svg
                        aria-hidden="true"
                        class="c19"
                        height="100"
                        role="img"
                        viewBox="0 0 100 100"
                        width="100"
                      >
                        <path
                          d="M89.7038 10.1045C88.2094 8.40006 85.759 8.40006 84.2646 10.1045L39.0198 61.5065L15.719 34.8471C14.2245 33.1364 11.7906 33.1364 10.2852 34.8471L2.12082 44.1186C0.626395 45.8105 0.626395 48.5951 2.12082 50.2996L36.2782 89.3708C37.7727 91.0628 40.2066 91.0628 41.7175 89.3708L97.8627 25.5632C99.3791 23.8587 99.3791 21.0679 97.8627 19.3572L89.7038 10.1045Z"
                        />
                      </svg>
                    </span>
                  </span>
                  <span
                    class="c20"
                  >
                    <p
                      class="c21 c22"
                    >
                      <span>
                        <svg
                          aria-hidden="true"
                          class="svg-inline--fa fa-pencil "
                          data-icon="pencil"
                          data-prefix="fas"
                          focusable="false"
                          role="img"
                          viewBox="0 0 512 512"
                          xmlns="http://www.w3.org/2000/svg"
                        >
                          <path
                            d="M410.3 231l11.3-11.3-33.9-33.9-62.1-62.1L291.7 89.8l-11.3 11.3-22.6 22.6L58.6 322.9c-10.4 10.4-18 23.3-22.2 37.4L1 480.7c-2.5 8.4-.2 17.5 6.1 23.7s15.3 8.5 23.7 6.1l120.3-35.4c14.1-4.2 27-11.8 37.4-22.2L387.7 253.7 410.3 231zM160 399.4l-9.1 22.7c-4 3.1-8.5 5.4-13.3 6.9L59.4 452l23-78.1c1.4-4.9 3.8-9.4 6.9-13.3l22.7-9.1v32c0 8.8 7.2 16 16 16h32zM362.7 18.7L348.3 33.2 325.7 55.8 314.3 67.1l33.9 33.9 62.1 62.1 33.9 33.9 11.3-11.3 22.6-22.6 14.5-14.5c25-25 25-65.5 0-90.5L453.3 18.7c-25-25-65.5-25-90.5 0zm-47.4 168l-144 144c-6.2 6.2-16.4 6.2-22.6 0s-6.2-16.4 0-22.6l144-144c6.2-6.2 16.4-6.2 22.6 0s6.2 16.4 0 22.6z"
                            fill="currentColor"
                          />
                        </svg>
                         add write-in candidate
                      </span>
                    </p>
                  </span>
                </span>
              </span>
            </button>
          </div>
        </div>
      </div>
    </main>
    <nav
      class="c27"
    >
      <button
        aria-label="previous contest"
        class="c24"
        id="previous"
        type="button"
      >
        <span
          class="c28"
        >
          <svg
            aria-hidden="true"
            class="svg-inline--fa fa-circle-left "
            data-icon="circle-left"
            data-prefix="fas"
            focusable="false"
            role="img"
            viewBox="0 0 512 512"
            xmlns="http://www.w3.org/2000/svg"
          >
            <path
              d="M512 256A256 256 0 1 0 0 256a256 256 0 1 0 512 0zM217.4 376.9L117.5 269.8c-3.5-3.8-5.5-8.7-5.5-13.8s2-10.1 5.5-13.8l99.9-107.1c4.2-4.5 10.1-7.1 16.3-7.1c12.3 0 22.3 10 22.3 22.3l0 57.7 96 0c17.7 0 32 14.3 32 32l0 32c0 17.7-14.3 32-32 32l-96 0 0 57.7c0 12.3-10 22.3-22.3 22.3c-6.2 0-12.1-2.6-16.3-7.1z"
              fill="currentColor"
            />
          </svg>
        </span>
        <span
          class="c15"
        >
          Back
        </span>
      </button>
      <button
        class="c24"
        type="button"
      >
        <span
          class="c15"
        >
          <span
            class="c29"
          >
            <svg
              aria-hidden="true"
              class="svg-inline--fa fa-display "
              data-icon="display"
              data-prefix="fas"
              focusable="false"
              role="img"
              viewBox="0 0 576 512"
              xmlns="http://www.w3.org/2000/svg"
            >
              <path
                d="M64 0C28.7 0 0 28.7 0 64V352c0 35.3 28.7 64 64 64H240l-10.7 32H160c-17.7 0-32 14.3-32 32s14.3 32 32 32H416c17.7 0 32-14.3 32-32s-14.3-32-32-32H346.7L336 416H512c35.3 0 64-28.7 64-64V64c0-35.3-28.7-64-64-64H64zM512 64V352H64V64H512z"
                fill="currentColor"
              />
            </svg>
            <span>
              Color/Size
            </span>
          </span>
        </span>
      </button>
      <button
        aria-label="next contest"
        class="c13"
        id="next"
        type="button"
      >
        <span
          class="c28"
        >
          <svg
            aria-hidden="true"
            class="svg-inline--fa fa-circle-right "
            data-icon="circle-right"
            data-prefix="fas"
            focusable="false"
            role="img"
            viewBox="0 0 512 512"
            xmlns="http://www.w3.org/2000/svg"
          >
            <path
              d="M0 256a256 256 0 1 0 512 0A256 256 0 1 0 0 256zM294.6 135.1l99.9 107.1c3.5 3.8 5.5 8.7 5.5 13.8s-2 10.1-5.5 13.8L294.6 376.9c-4.2 4.5-10.1 7.1-16.3 7.1C266 384 256 374 256 361.7l0-57.7-96 0c-17.7 0-32-14.3-32-32l0-32c0-17.7 14.3-32 32-32l96 0 0-57.7c0-12.3 10-22.3 22.3-22.3c6.2 0 12.1 2.6 16.3 7.1z"
              fill="currentColor"
            />
          </svg>
        </span>
        <span
          class="c15"
        >
          Next
        </span>
      </button>
    </nav>
  </div>
</div>
`;
