// Jest Snapshot v1, https://goo.gl/fbAQLP

exports[`Renders Absolute top right 1`] = `
<div>
  <div
    class="sc-bdvvaa fPyvOy"
  />
</div>
`;
